40566e09-3b44-47d0-9d7e-8b11849b6c9c 10 10 script_40566e09-3b44-47d0-9d7e-8b11849b6c9c
220fcf95-9361-4069-b278-827a6dfb4f7d 10 10 script_220fcf95-9361-4069-b278-827a6dfb4f7d
e86fb8d3-3bf0-47b6-81bc-acc0b88637f1 10 10 script_e86fb8d3-3bf0-47b6-81bc-acc0b88637f1
2c70cafc-08b7-4e43-a1ea-2870cf67044b 10 10 script_2c70cafc-08b7-4e43-a1ea-2870cf67044b
120ad9a8-e755-44b7-ac0b-b165f9259516 10 10 script_120ad9a8-e755-44b7-ac0b-b165f9259516
9a456586-5d8b-434a-bd6d-d4449210d45b 10 10 script_9a456586-5d8b-434a-bd6d-d4449210d45b
bf60baa6-f94f-4729-ac4a-ca332a09c070 10 10 script_bf60baa6-f94f-4729-ac4a-ca332a09c070
7601d783-253d-472a-bdc4-f2d9ac3b5351 10 10 script_7601d783-253d-472a-bdc4-f2d9ac3b5351
c1322bdf-e303-49b1-b249-cabbe0cccbbe 10 10 script_c1322bdf-e303-49b1-b249-cabbe0cccbbe
cda2313f-4ab4-4181-b0dc-60817a3e8590 10 10 script_cda2313f-4ab4-4181-b0dc-60817a3e8590
e0eac0fe-0bd6-4f9d-a7a7-98aa429bb8a2 10 10 script_e0eac0fe-0bd6-4f9d-a7a7-98aa429bb8a2
dd6bf9bf-98b8-4f2b-b7c2-3567daef8ef1 10 10 script_dd6bf9bf-98b8-4f2b-b7c2-3567daef8ef1
840f401c-40df-45ff-b1cc-e4262c5b11c7 10 10 script_840f401c-40df-45ff-b1cc-e4262c5b11c7
bd3f9534-f77e-4e9e-ac12-7e97945eb85b 10 10 script_bd3f9534-f77e-4e9e-ac12-7e97945eb85b
30b5d36b-e250-4f5e-aa56-0c967d29c181 10 10 script_30b5d36b-e250-4f5e-aa56-0c967d29c181
a80ddd2d-0172-4df5-aa81-af644e3a9b20 10 10 script_a80ddd2d-0172-4df5-aa81-af644e3a9b20
7ee49754-9612-4053-bf77-be2a4736e47b 10 10 script_7ee49754-9612-4053-bf77-be2a4736e47b
10e4920f-68c4-4609-a98f-af336a6caabd 10 10 script_10e4920f-68c4-4609-a98f-af336a6caabd
865bbf52-7925-4d9c-ab5d-20b780527c89 10 10 script_865bbf52-7925-4d9c-ab5d-20b780527c89
67fef881-6e32-4c93-9b2c-1d85e29628c6 10 10 script_67fef881-6e32-4c93-9b2c-1d85e29628c6
f78eca18-e12e-4859-89a0-060a705bc987 10 10 script_f78eca18-e12e-4859-89a0-060a705bc987
eed5c2ed-3a1c-4f9d-bb27-492e7df9b308 10 10 script_eed5c2ed-3a1c-4f9d-bb27-492e7df9b308
b60dcc2b-b247-4f17-8120-401eff84a92f 10 10 script_b60dcc2b-b247-4f17-8120-401eff84a92f
9179dc72-cd7f-4ec3-a535-7746bc672284 10 10 script_9179dc72-cd7f-4ec3-a535-7746bc672284
2164adce-e9d7-4083-9114-0a4127c504aa 10 10 script_2164adce-e9d7-4083-9114-0a4127c504aa
b1df9d1c-d392-4781-8044-d74553cd473d 10 10 script_b1df9d1c-d392-4781-8044-d74553cd473d
56c07746-0f0c-4cb4-8927-84fcb12f9272 10 10 script_56c07746-0f0c-4cb4-8927-84fcb12f9272
e2ee2e19-1847-4f95-b97c-8ab422634bc1 10 10 script_e2ee2e19-1847-4f95-b97c-8ab422634bc1
e1685616-4e02-4117-a25d-f81f15a57716 10 10 script_e1685616-4e02-4117-a25d-f81f15a57716
8f783d9d-20a8-4cc5-9937-e67cdd0895f6 10 10 script_8f783d9d-20a8-4cc5-9937-e67cdd0895f6
b5329249-2599-43d6-a78d-4970bb4c09eb 10 10 script_b5329249-2599-43d6-a78d-4970bb4c09eb
f2fafe95-f293-43f1-8e11-37c8b022e78e 10 10 script_f2fafe95-f293-43f1-8e11-37c8b022e78e
a46dbc9b-658e-4a98-a654-c084896f1a5f 10 10 script_a46dbc9b-658e-4a98-a654-c084896f1a5f
9bfbad1f-de8b-4be2-8b5c-bb8cd1e2f4cf 10 10 script_9bfbad1f-de8b-4be2-8b5c-bb8cd1e2f4cf
44121535-40c2-4897-90f6-5dbc87cfeaed 10 10 script_44121535-40c2-4897-90f6-5dbc87cfeaed
960104f6-9689-4c8c-a706-8f5f866536f4 10 10 script_960104f6-9689-4c8c-a706-8f5f866536f4
69a72ac2-6a94-49e9-acde-84b69c222cea 10 10 script_69a72ac2-6a94-49e9-acde-84b69c222cea
c623e5fd-4aa3-4006-a29e-d80b121a7eff 10 10 script_c623e5fd-4aa3-4006-a29e-d80b121a7eff
6d019126-29bd-43fe-917a-7dadd630bf5f 10 10 script_6d019126-29bd-43fe-917a-7dadd630bf5f
e223c94c-d0f9-4e13-807a-e262ab1229a1 10 10 script_e223c94c-d0f9-4e13-807a-e262ab1229a1
5fe6a028-95f3-4e10-b208-2a59010d5eef 10 10 script_5fe6a028-95f3-4e10-b208-2a59010d5eef
59cc189d-df96-4a91-9809-8d82426e4db2 10 10 script_59cc189d-df96-4a91-9809-8d82426e4db2
d19c6d0e-e1f5-4647-a5c4-09bf7b3002cc 10 10 script_d19c6d0e-e1f5-4647-a5c4-09bf7b3002cc
385fe134-834b-41c1-b4e9-1ffc269d501c 10 10 script_385fe134-834b-41c1-b4e9-1ffc269d501c
efbea898-e4e3-4a33-82c5-b6c59028c5ff 10 10 script_efbea898-e4e3-4a33-82c5-b6c59028c5ff
4cde1d3d-e1dc-436d-ae75-f1b996cabf0e 10 10 script_4cde1d3d-e1dc-436d-ae75-f1b996cabf0e
ee4d5f83-44e7-4193-9468-597c3148e421 10 10 script_ee4d5f83-44e7-4193-9468-597c3148e421
236454d1-e329-485e-a7ae-4bbfd8407b2d 10 10 script_236454d1-e329-485e-a7ae-4bbfd8407b2d
eec9ff9b-bb1f-4959-8580-8d9322faa684 10 10 script_eec9ff9b-bb1f-4959-8580-8d9322faa684
8558a636-8a01-4011-af02-eb8b256f7832 10 10 script_8558a636-8a01-4011-af02-eb8b256f7832
04b18972-90f1-4b4c-8043-ed6fc177b442 10 10 script_04b18972-90f1-4b4c-8043-ed6fc177b442
84c77a0d-22ac-4a28-bbad-7f95a62bc9ef 10 10 script_84c77a0d-22ac-4a28-bbad-7f95a62bc9ef
96162c85-b0a5-4501-af15-44e19d54cd78 10 10 script_96162c85-b0a5-4501-af15-44e19d54cd78
04ca48cd-6ee9-48d1-93be-91a74b61cdb8 10 10 script_04ca48cd-6ee9-48d1-93be-91a74b61cdb8
9eae8a2e-9c30-4862-bad5-d2268d9e2054 10 10 script_9eae8a2e-9c30-4862-bad5-d2268d9e2054
2bd008ed-72ca-487a-b01e-30263bb6934a 10 10 script_2bd008ed-72ca-487a-b01e-30263bb6934a
7104b7b4-06c4-4199-80c7-eeb315aa3f76 10 10 script_7104b7b4-06c4-4199-80c7-eeb315aa3f76
15b83751-ebd3-4002-9f87-ac9390cf8794 10 10 script_15b83751-ebd3-4002-9f87-ac9390cf8794
aaf3a767-6cde-4626-a87d-61f1bda8844d 10 10 script_aaf3a767-6cde-4626-a87d-61f1bda8844d
2309364b-a8fd-4118-94ff-d4d73957fe5c 10 10 script_2309364b-a8fd-4118-94ff-d4d73957fe5c
eaa84954-d59b-46a9-9b64-98d5d70160f0 10 10 script_eaa84954-d59b-46a9-9b64-98d5d70160f0
95a0d8e9-14a9-4abd-a064-7e3607cb375d 10 10 script_95a0d8e9-14a9-4abd-a064-7e3607cb375d
07f466bb-d1d7-4ab4-a537-df8a54816dd3 10 10 script_07f466bb-d1d7-4ab4-a537-df8a54816dd3
b9a645b2-e73d-43f8-bead-2ec277f70b03 10 10 script_b9a645b2-e73d-43f8-bead-2ec277f70b03
df4d1a12-383e-4b90-ae28-daf7f262fc78 10 10 script_df4d1a12-383e-4b90-ae28-daf7f262fc78
aa224972-7f35-4d63-9e76-413ea1293e69 10 10 script_aa224972-7f35-4d63-9e76-413ea1293e69
70bc5c6f-9bd3-4b2a-b651-2b3546c014d9 10 10 script_70bc5c6f-9bd3-4b2a-b651-2b3546c014d9
f8409b3f-623e-4207-8241-15b073d4c418 10 10 script_f8409b3f-623e-4207-8241-15b073d4c418
15aa6421-32c6-477d-95b8-98b00032e1ea 10 10 script_15aa6421-32c6-477d-95b8-98b00032e1ea
393e3d53-c36f-4d7d-a02c-0a4bcae71db8 10 10 script_393e3d53-c36f-4d7d-a02c-0a4bcae71db8
7c6254d9-cadf-4064-987b-ead9b853ba9e 10 10 script_7c6254d9-cadf-4064-987b-ead9b853ba9e
65aa0857-1581-4276-8f5c-0d6e2a9a1a6b 10 10 script_65aa0857-1581-4276-8f5c-0d6e2a9a1a6b
39d52bc8-3ace-4903-96c8-46a67338acd8 10 10 script_39d52bc8-3ace-4903-96c8-46a67338acd8
dab6f3d8-d07e-4547-be51-c5f6b8aa0c1a 10 10 script_dab6f3d8-d07e-4547-be51-c5f6b8aa0c1a
d0f8334d-8d66-4680-ac83-5366e1e17ddb 10 10 script_d0f8334d-8d66-4680-ac83-5366e1e17ddb
916b6ce3-c956-4d29-9138-09d2084bb94d 10 10 script_916b6ce3-c956-4d29-9138-09d2084bb94d
fb43efe5-8768-4430-9f61-54c5090ca3fb 10 10 script_fb43efe5-8768-4430-9f61-54c5090ca3fb
a0081ac7-79ce-471a-b3a4-277a54de9123 10 10 script_a0081ac7-79ce-471a-b3a4-277a54de9123
df8a351b-eb6f-41c5-ac00-26dddcd557f4 10 10 script_df8a351b-eb6f-41c5-ac00-26dddcd557f4
87e76521-2152-417c-a216-a0aa89c38078 10 10 script_87e76521-2152-417c-a216-a0aa89c38078
ad09ab3e-922b-44a0-a1f3-039806c04275 10 10 script_ad09ab3e-922b-44a0-a1f3-039806c04275
e6dab876-774e-40fa-8bae-5c709d64f81b 10 10 script_e6dab876-774e-40fa-8bae-5c709d64f81b
52171ada-a525-49b0-b727-c4de25f7aea1 10 10 script_52171ada-a525-49b0-b727-c4de25f7aea1
2cc838c8-875b-4594-9f65-fd7bac41bb77 10 10 script_2cc838c8-875b-4594-9f65-fd7bac41bb77
ff46406a-bc8b-49e5-b2d6-4f49bb55ac61 10 10 script_ff46406a-bc8b-49e5-b2d6-4f49bb55ac61
b661ea20-daf5-41a9-9be7-13175c6ef763 10 10 script_b661ea20-daf5-41a9-9be7-13175c6ef763
115241a0-11fd-4c8f-ab6a-ce5ca2c2afe3 10 10 script_115241a0-11fd-4c8f-ab6a-ce5ca2c2afe3
ce6599a6-f196-40e1-9acf-5fc2ef88754a 10 10 script_ce6599a6-f196-40e1-9acf-5fc2ef88754a
3ff0c566-76b2-4e59-8a39-b4be6042f682 10 10 script_3ff0c566-76b2-4e59-8a39-b4be6042f682
51654603-c3cc-47b0-8f5f-dac7028c3098 10 10 script_51654603-c3cc-47b0-8f5f-dac7028c3098
4ba8f03b-a368-4c60-9ea1-5e97b18243d6 10 10 script_4ba8f03b-a368-4c60-9ea1-5e97b18243d6
89bdf0cd-1b98-4bc9-9637-5b4508a0a7d8 10 10 script_89bdf0cd-1b98-4bc9-9637-5b4508a0a7d8
27b024e3-27e7-4dab-baa1-95609efc30d6 10 10 script_27b024e3-27e7-4dab-baa1-95609efc30d6
b39dc209-a83e-4730-bc80-6054ce9a0acc 10 10 script_b39dc209-a83e-4730-bc80-6054ce9a0acc
ebcecaeb-720b-4c4d-ab6a-dd29f46dc9e3 10 10 script_ebcecaeb-720b-4c4d-ab6a-dd29f46dc9e3
49f29031-c219-4f4d-ab67-6d30fbdb732c 10 10 script_49f29031-c219-4f4d-ab67-6d30fbdb732c
f54def22-73e6-4421-9fd4-f88211ab4f57 10 10 script_f54def22-73e6-4421-9fd4-f88211ab4f57
da670ec8-328d-47d9-8bf6-e78043972cfd 10 10 script_da670ec8-328d-47d9-8bf6-e78043972cfd
e436faf3-6b7b-4847-80af-96b85c7f8781 10 10 script_e436faf3-6b7b-4847-80af-96b85c7f8781
bff7e2aa-7f1f-4718-9a31-dfe89c31c60b 10 10 script_bff7e2aa-7f1f-4718-9a31-dfe89c31c60b
cf8d908c-abb9-40e3-b529-765d11f3f4d1 10 10 script_cf8d908c-abb9-40e3-b529-765d11f3f4d1
2412999b-d9ab-40e6-ad59-6bf773f83eef 10 10 script_2412999b-d9ab-40e6-ad59-6bf773f83eef
dbfa9db7-95c3-4288-ab54-61199176bc6e 10 10 script_dbfa9db7-95c3-4288-ab54-61199176bc6e
602b55a9-653c-4908-a495-1fe31e738315 10 10 script_602b55a9-653c-4908-a495-1fe31e738315
91fa575c-66a7-43c5-973b-b068dfad6b2d 10 10 script_91fa575c-66a7-43c5-973b-b068dfad6b2d
62124769-0968-42d0-a074-bc775d2094b3 10 10 script_62124769-0968-42d0-a074-bc775d2094b3
8169caac-c1a8-4a59-af40-2b867ea45990 10 10 script_8169caac-c1a8-4a59-af40-2b867ea45990
91f6b4cc-08cd-4f9a-bcb2-6e31f943c077 10 10 script_91f6b4cc-08cd-4f9a-bcb2-6e31f943c077
818ef576-b119-4369-a3e5-5cbd629a256e 10 10 script_818ef576-b119-4369-a3e5-5cbd629a256e
5b09ca7a-7dbc-4ab0-92ab-b8f6b2ec1810 10 10 script_5b09ca7a-7dbc-4ab0-92ab-b8f6b2ec1810
3046606b-1642-4be0-b469-29a62af11745 10 10 script_3046606b-1642-4be0-b469-29a62af11745
019f086e-e4c4-4441-926a-ad2c763e985f 10 10 script_019f086e-e4c4-4441-926a-ad2c763e985f
d438675d-1c1c-40ed-8a9e-6c23a468ce1f 10 10 script_d438675d-1c1c-40ed-8a9e-6c23a468ce1f
9473afad-ef91-4f11-97e7-d850421b5bee 10 10 script_9473afad-ef91-4f11-97e7-d850421b5bee
da26ec54-a832-47e6-bea2-a6858dfbd0fb 10 10 script_da26ec54-a832-47e6-bea2-a6858dfbd0fb
0b07ea2c-6c14-4042-b09c-7280628188a4 10 10 script_0b07ea2c-6c14-4042-b09c-7280628188a4
8dc7c191-fb47-4c1b-8fa6-7d8faa5c0254 10 10 script_8dc7c191-fb47-4c1b-8fa6-7d8faa5c0254
601fc095-02f1-4627-b618-ed8aa6d477d0 10 10 script_601fc095-02f1-4627-b618-ed8aa6d477d0
102c4524-9276-4af5-90bd-b12fcc746f6d 10 10 script_102c4524-9276-4af5-90bd-b12fcc746f6d
1850f063-7f4c-4195-bec5-8e7a67169a97 10 10 script_1850f063-7f4c-4195-bec5-8e7a67169a97
f70b489e-87ce-4b91-9377-ea7e239943fa 10 10 script_f70b489e-87ce-4b91-9377-ea7e239943fa
fc04a6a3-32e5-4133-868e-290bca6fdc61 10 10 script_fc04a6a3-32e5-4133-868e-290bca6fdc61
3348fe48-7488-4e93-b738-6e02c9d105ef 10 10 script_3348fe48-7488-4e93-b738-6e02c9d105ef
d253406f-2924-4a3a-b2c5-7b028fd9fdd5 10 10 script_d253406f-2924-4a3a-b2c5-7b028fd9fdd5
da3e3e85-d7b1-4e59-a447-505d482f8d29 10 10 script_da3e3e85-d7b1-4e59-a447-505d482f8d29
3ef232f1-8f2c-4d11-a7fc-5e51a82aeb27 10 10 script_3ef232f1-8f2c-4d11-a7fc-5e51a82aeb27
27de2184-3454-425b-b32b-16bed037f402 10 10 script_27de2184-3454-425b-b32b-16bed037f402
8b41f11a-780a-4b45-9be7-ce59fa3f29be 10 10 script_8b41f11a-780a-4b45-9be7-ce59fa3f29be
1173c4d0-ea75-417c-a1b2-50a068617987 10 10 script_1173c4d0-ea75-417c-a1b2-50a068617987
0927b6f9-3ecc-428b-b662-bc7afc474b1b 10 10 script_0927b6f9-3ecc-428b-b662-bc7afc474b1b
80bbad8e-74f4-48e5-bb5e-896160b64668 10 10 script_80bbad8e-74f4-48e5-bb5e-896160b64668
06ad45f2-f27e-4664-8e1f-cfea8e2a8a81 10 10 script_06ad45f2-f27e-4664-8e1f-cfea8e2a8a81
1c7412ee-3fb5-49a9-a2f8-34e6fd233471 10 10 script_1c7412ee-3fb5-49a9-a2f8-34e6fd233471
c952bf25-71e2-49bc-ae91-6aa491c6cad0 10 10 script_c952bf25-71e2-49bc-ae91-6aa491c6cad0
f9f38843-9313-45d3-8e77-f712a325e6e1 10 10 script_f9f38843-9313-45d3-8e77-f712a325e6e1
904492d3-5362-472d-9146-f0dc7b9e8bce 10 10 script_904492d3-5362-472d-9146-f0dc7b9e8bce
080c4643-53ba-4177-8e3d-380398af7abb 10 10 script_080c4643-53ba-4177-8e3d-380398af7abb
833cf0d1-7980-4dd2-be3e-07ccc853fb5d 10 10 script_833cf0d1-7980-4dd2-be3e-07ccc853fb5d
f553e27d-7587-4b0e-a265-d87ac5fde3a7 10 10 script_f553e27d-7587-4b0e-a265-d87ac5fde3a7
469ed976-a420-4b92-aed2-d78dc364438f 10 10 script_469ed976-a420-4b92-aed2-d78dc364438f
41fb8401-264b-464c-96bc-10035ed4cfcd 10 10 script_41fb8401-264b-464c-96bc-10035ed4cfcd
057688a1-b0ab-4a01-80e6-f4540360ef1e 10 10 script_057688a1-b0ab-4a01-80e6-f4540360ef1e
40e03587-f220-440e-8043-5a3103c282d8 10 10 script_40e03587-f220-440e-8043-5a3103c282d8
8f69e10f-6fdd-44b2-a0a6-7bc50a33199c 10 10 script_8f69e10f-6fdd-44b2-a0a6-7bc50a33199c
39abce6b-a240-42c7-a85d-f71535ca5b06 10 10 script_39abce6b-a240-42c7-a85d-f71535ca5b06
906a3166-e2ab-4c02-9dae-ccbd7fd2952a 10 10 script_906a3166-e2ab-4c02-9dae-ccbd7fd2952a
bb306aa6-13f9-430b-98e5-88fbf27df0ab 10 10 script_bb306aa6-13f9-430b-98e5-88fbf27df0ab
de9e7d9c-f5d3-46e3-86d0-e6ddbba44bd5 10 10 script_de9e7d9c-f5d3-46e3-86d0-e6ddbba44bd5
c38f0ede-3bc8-4c0e-957d-8684d9b74728 10 10 script_c38f0ede-3bc8-4c0e-957d-8684d9b74728
94642353-b063-492e-9014-c1339cf5eb1e 10 10 script_94642353-b063-492e-9014-c1339cf5eb1e
15a70e05-b7eb-4d9a-8e6b-109712bfc312 10 10 script_15a70e05-b7eb-4d9a-8e6b-109712bfc312
f835a385-e45b-47b6-b1a3-b9422bf61c7e 10 10 script_f835a385-e45b-47b6-b1a3-b9422bf61c7e
0e45d70e-5791-41a8-8c5e-e38dd49ceffa 10 10 script_0e45d70e-5791-41a8-8c5e-e38dd49ceffa
95d4419a-21ea-461b-ac7a-c191189e8eeb 10 10 script_95d4419a-21ea-461b-ac7a-c191189e8eeb
