07cc0850-e88f-4d39-a52b-58d6f58b685b 6 6 (A)Body-Feet
136011e7-c34f-4495-8b52-b2435dfe837d 0 0 face-osaka
aa6ddb60-727b-c8ea-74a6-61eec099fafc 13 18 Amber Skin
7ce2b255-8404-4f1c-986e-783b23b8eb60 6 6 (A)Body-Chest-None
88e7dd92-596a-6c44-7ba3-eb809ce0f176 5 18 FULL
2ea8b630-d302-4e8b-b7b8-ced98bb8dae0 6 6 (A)Body-Feet-High
86716766-fe27-9e8d-1b97-daa1943ff6f1 5 18 Head-basseterre
111f39e0-159d-4cea-8204-9d82eb5b4e83 7 7 License
2de5b892-3032-4a9f-b28a-f975697e83f6 6 6 Kids Cam Control HUD
4434b270-906a-9fd9-4637-5eafdc193659 5 18 Head-uppsala
278de923-b91c-4964-a906-487b7649374b 6 6 (A)Body-Body Female
1cf95ae7-f6e1-1499-984f-7490b0d67770 5 18 Head-mixed
15b5880e-f351-4c55-b8aa-bb1231f0911a 6 6 ZHAO AO Female Kawaii Powder Bento
e00b9f4b-3060-d847-fad2-95bd73036975 5 18 Head-osaka
d27c1bf4-be9e-4fbb-9cc2-8d21eb7ea40b 6 6 Babygirl Teath
c42ac90f-a555-c266-3eb7-afd054516e3b 13 18 ojos
e324bb22-3cda-4322-855c-2657829854b9 7 7 Creators
3ae363ee-d4ab-e3de-c1b3-fec4f08f2728 5 18 Head-christiania
b2bd609d-0439-dfd3-bd6f-1a5aff5f62e1 5 18 Head-KansasFR
b4e157ca-0889-4898-ad10-5736e55e09da 0 0 face-uppsala
bfe67734-dc40-47cc-8f66-65f5dad15453 0 0 face-mixed
f086c01b-04f4-439d-b6d7-30fd45c1a8bb 0 0 face-mediterra
482ec1c6-ff15-4551-9f6e-ec4655b6b585 6 6 Bento Hands HUD 2.0
7a59c5ad-1533-4089-a97d-640498bc4f80 6 6 (A)Body-Chest-More
29ebff68-8365-a33a-a35c-a247354aa10a 5 18 Head-mediterra
f89597f3-d566-94ad-b856-5cd2ec9358bd 13 18 Babyface Shape (new)
c772a505-6e3c-475a-8052-28c6383cd6b9 0 0 face-kansas
dcf331ec-b3ec-42dc-abda-5edbced5576f 6 6 Eyes 4 Bento Heads
65ba3752-02e7-ab3b-606c-a1cf2e9cae71 5 18 Head-Porto
bf60baa6-f94f-4729-ac4a-ca332a09c070 10 10 Unpacker
6b6f25cc-5fbe-41c2-ae41-d7288fa91deb 6 6 GENUS Project - Genus Head - Baby Face W001 - v17 - Mocap
4a1ec0de-7cd7-4a81-992d-8e2950008a4f 0 0 face-christiania
3332a48d-9adc-4480-a508-cd85f0d4bfa6 6 6 (A)Body-Hands
65207397-d89d-4210-b760-10af277b7f3e 6 6 (A)Body-Chest-More++
68283d1a-dce0-65bc-31a2-fb12513acdb8 5 18 Full Alpha V2.0 (Hair Head Eyes Body)
56190291-5460-4745-ab2f-f612a22f3bd0 6 6 (A)Body-Chest-Little
e6af34ee-24eb-48cd-bfa6-fc44bd41ad89 6 6 (A)Body Master HUD OpenSim
79c4a677-ee7f-caca-c0cc-c9bec2d559a7 5 18 BOM-Head and -Eyes
09811e69-1b04-f5a4-becf-591bee1a882f 5 18 Head-douala
72a05b78-3c01-e5fc-d04d-a919da62718c 13 18 TIny hair
653a942f-6c2f-411d-89d8-6beee83cab08 6 6 Bento Head Animatsions Hud 1.0 Black
a5dcba82-3b2a-4ff4-a374-7f7d032154ce 6 6 (A)Body-Chest-More+
a75b8396-619a-4922-b099-2101526c80fc 0 0 face-celtic
22c453e7-c585-109c-bf9f-7f135a27b70d 5 18 Head-celtic
f61b8ec7-e027-4ac1-823f-a2ec0d4c5421 0 0 face-douala
5604a940-adf2-9c2b-92b1-3fe94e29fb52 5 18 Head-nordic
e78b104b-c2e8-4ee1-bbec-d3703fcece17 0 0 face-basseterre
0557dda7-c69e-423f-96a6-76768392f3f7 0 0 face-nordic
8f015c87-0757-4fcb-a08c-ccd932ce1b52 6 6 (A)Body-Chest-Male
646c6867-7a49-4265-ac71-3de0485f91aa 0 0 face-porto
ebf5a2b0-cd61-461b-adca-6a3cd656d6cc 6 6 (A)Body-Body Male/PG
